// Jest Snapshot v1, https://goo.gl/fbAQLP

exports[`react counter renders 1`] = `
<div>
  <div
    class="main"
  >
    React
  </div>
  0
</div>
`;
